Sanjeet@DESKTOP-R0I9R9C MINGW64 /d/git_learning/project (master)
$ git status
On branch master
Changes to be committed:
  (use "git restore --staged <file>..." to unstage)
        new file:   about.html


Sanjeet@DESKTOP-R0I9R9C MINGW64 /d/git_learning/project (master)
$ git commit -m "second commit"
[master c15ffe7] second commit
 1 file changed, 0 insertions(+), 0 deletions(-)
 create mode 100644 about.html

Sanjeet@DESKTOP-R0I9R9C MINGW64 /d/git_learning/project (master)
$ git status
On branch master
nothing to commit, working tree clean

Sanjeet@DESKTOP-R0I9R9C MINGW64 /d/git_learning/project (master)
$ git stats
git: 'stats' is not a git command. See 'git --help'.

The most similar command is
        status

Sanjeet@DESKTOP-R0I9R9C MINGW64 /d/git_learning/project (master)
$ git status
On branch master
Changes not staged for commit:
  (use "git add <file>..." to update what will be committed)
  (use "git restore <file>..." to discard changes in working directory)
        modified:   about.html

no changes added to commit (use "git add" and/or "git commit -a")

Sanjeet@DESKTOP-R0I9R9C MINGW64 /d/git_learning/project (master)
$ git checkout about.html
Updated 1 path from the index

Sanjeet@DESKTOP-R0I9R9C MINGW64 /d/git_learning/project (master)
$ git status
On branch master
nothing to commit, working tree clean

Sanjeet@DESKTOP-R0I9R9C MINGW64 /d/git_learning/project (master)
$ git status
On branch master
Changes not staged for commit:
  (use "git add <file>..." to update what will be committed)
  (use "git restore <file>..." to discard changes in working directory)
        modified:   about.html

no changes added to commit (use "git add" and/or "git commit -a")

Sanjeet@DESKTOP-R0I9R9C MINGW64 /d/git_learning/project (master)
$ git add -A

Sanjeet@DESKTOP-R0I9R9C MINGW64 /d/git_learning/project (master)
$ git status
On branch master
Changes to be committed:
  (use "git restore --staged <file>..." to unstage)
        modified:   about.html


Sanjeet@DESKTOP-R0I9R9C MINGW64 /d/git_learning/project (master)
$ git commit -m "third commit"
[master a76d55e] third commit
 1 file changed, 12 insertions(+)

Sanjeet@DESKTOP-R0I9R9C MINGW64 /d/git_learning/project (master)
$ git status
On branch master
nothing to commit, working tree clean

Sanjeet@DESKTOP-R0I9R9C MINGW64 /d/git_learning/project (master)
$ git status
On branch master
Changes not staged for commit:
  (use "git add <file>..." to update what will be committed)
  (use "git restore <file>..." to discard changes in working directory)
        modified:   about.html

no changes added to commit (use "git add" and/or "git commit -a")

Sanjeet@DESKTOP-R0I9R9C MINGW64 /d/git_learning/project (master)
$ git diff
diff --git a/about.html b/about.html
index 397eb48..cd38fd4 100644
--- a/about.html
+++ b/about.html
@@ -8,5 +8,6 @@
 </head>
 <body>
     <h>about page</h>
+    <h>second modified</h>
 </body>
 </html>
\ No newline at end of file

Sanjeet@DESKTOP-R0I9R9C MINGW64 /d/git_learning/project (master)
$ git status
On branch master
Changes not staged for commit:
  (use "git add <file>..." to update what will be committed)
  (use "git restore <file>..." to discard changes in working directory)
        modified:   about.html

no changes added to commit (use "git add" and/or "git commit -a")

Sanjeet@DESKTOP-R0I9R9C MINGW64 /d/git_learning/project (master)
$ git diff
diff --git a/about.html b/about.html
index 397eb48..0bbd277 100644
--- a/about.html
+++ b/about.html
@@ -8,5 +8,7 @@
 </head>
 <body>
     <h>about page</h>
+    <h>second modified</h>
+    <h>third modified</h>
 </body>
 </html>
\ No newline at end of file

Sanjeet@DESKTOP-R0I9R9C MINGW64 /d/git_learning/project (master)
$ git add about.html

Sanjeet@DESKTOP-R0I9R9C MINGW64 /d/git_learning/project (master)
$ git status
On branch master
Changes to be committed:
  (use "git restore --staged <file>..." to unstage)
        modified:   about.html


Sanjeet@DESKTOP-R0I9R9C MINGW64 /d/git_learning/project (master)
$ git diff --staged
diff --git a/about.html b/about.html
index 397eb48..0bbd277 100644
--- a/about.html
+++ b/about.html
@@ -8,5 +8,7 @@
 </head>
 <body>
     <h>about page</h>
+    <h>second modified</h>
+    <h>third modified</h>
 </body>
 </html>
\ No newline at end of file

Sanjeet@DESKTOP-R0I9R9C MINGW64 /d/git_learning/project (master)
$ git diff HEAD
diff --git a/about.html b/about.html
index 397eb48..0bbd277 100644
--- a/about.html
+++ b/about.html
@@ -8,5 +8,7 @@
 </head>
 <body>
     <h>about page</h>
+    <h>second modified</h>
+    <h>third modified</h>
 </body>
 </html>
\ No newline at end of file

Sanjeet@DESKTOP-R0I9R9C MINGW64 /d/git_learning/project (master)
$ git show
commit a76d55e527b1b818fed897f4b00268c9d9283508 (HEAD -> master)
Author: sanjeet shrivastava <sanjeet.shrivastava@aimdek.com>
Date:   Tue Jul 20 12:22:25 2021 +0530

    third commit

diff --git a/about.html b/about.html
index e69de29..397eb48 100644
--- a/about.html
+++ b/about.html
@@ -0,0 +1,12 @@
+<!DOCTYPE html>
+<html lang="en">
+<head>
+    <meta charset="UTF-8">
+    <meta http-equiv="X-UA-Compatible" content="IE=edge">
+    <meta name="viewport" content="width=device-width, initial-scale=1.0">
+    <title>Document</title>
+</head>
+<body>
+    <h>about page</h>
+</body>
+</html>
\ No newline at end of file


Sanjeet@DESKTOP-R0I9R9C MINGW64 /d/git_learning/project (master)
$

Sanjeet@DESKTOP-R0I9R9C MINGW64 /d/git_learning/project (master)
$ git log
commit a76d55e527b1b818fed897f4b00268c9d9283508 (HEAD -> master)
Author: sanjeet shrivastava <sanjeet.shrivastava@aimdek.com>
Date:   Tue Jul 20 12:22:25 2021 +0530

    third commit

commit c15ffe7361fa3e5718b34877fd0e69752faa6c9f
Author: sanjeet shrivastava <sanjeet.shrivastava@aimdek.com>
Date:   Tue Jul 20 12:13:47 2021 +0530

    second commit

commit 6e043865034977cb459f51b45ded8ad0ca832b92
Author: sanjeet shrivastava <sanjeet.shrivastava@aimdek.com>
Date:   Tue Jul 20 12:09:32 2021 +0530

    first commit

Sanjeet@DESKTOP-R0I9R9C MINGW64 /d/git_learning/project (master)
$ git log -p -2
commit a76d55e527b1b818fed897f4b00268c9d9283508 (HEAD -> master)
Author: sanjeet shrivastava <sanjeet.shrivastava@aimdek.com>
Date:   Tue Jul 20 12:22:25 2021 +0530

    third commit

diff --git a/about.html b/about.html
index e69de29..397eb48 100644
--- a/about.html
+++ b/about.html
@@ -0,0 +1,12 @@
+<!DOCTYPE html>
+<html lang="en">
+<head>
+    <meta charset="UTF-8">
+    <meta http-equiv="X-UA-Compatible" content="IE=edge">
+    <meta name="viewport" content="width=device-width, initial-scale=1.0">
+    <title>Document</title>
+</head>
+<body>
+    <h>about page</h>
+</body>
+</html>
\ No newline at end of file

commit c15ffe7361fa3e5718b34877fd0e69752faa6c9f
Author: sanjeet shrivastava <sanjeet.shrivastava@aimdek.com>
Date:   Tue Jul 20 12:13:47 2021 +0530

    second commit

diff --git a/about.html b/about.html
new file mode 100644
index 0000000..e69de29

Sanjeet@DESKTOP-R0I9R9C MINGW64 /d/git_learning/project (master)
$

Sanjeet@DESKTOP-R0I9R9C MINGW64 /d/git_learning/project (master)
$ git log --stat
commit a76d55e527b1b818fed897f4b00268c9d9283508 (HEAD -> master)
Author: sanjeet shrivastava <sanjeet.shrivastava@aimdek.com>
Date:   Tue Jul 20 12:22:25 2021 +0530

    third commit

 about.html | 12 ++++++++++++
 1 file changed, 12 insertions(+)

commit c15ffe7361fa3e5718b34877fd0e69752faa6c9f
Author: sanjeet shrivastava <sanjeet.shrivastava@aimdek.com>
Date:   Tue Jul 20 12:13:47 2021 +0530

    second commit

 about.html | 0
 1 file changed, 0 insertions(+), 0 deletions(-)

commit 6e043865034977cb459f51b45ded8ad0ca832b92
Author: sanjeet shrivastava <sanjeet.shrivastava@aimdek.com>
Date:   Tue Jul 20 12:09:32 2021 +0530

    first commit

 index.html | 0
 1 file changed, 0 insertions(+), 0 deletions(-)

Sanjeet@DESKTOP-R0I9R9C MINGW64 /d/git_learning/project (master)
$ git status
On branch master
Changes to be committed:
  (use "git restore --staged <file>..." to unstage)
        modified:   about.html


Sanjeet@DESKTOP-R0I9R9C MINGW64 /d/git_learning/project (master)
$ git commit -m "remove commit"
[master ad0bf1e] remove commit
 1 file changed, 2 insertions(+)

Sanjeet@DESKTOP-R0I9R9C MINGW64 /d/git_learning/project (master)
$ git status
On branch master
nothing to commit, working tree clean

Sanjeet@DESKTOP-R0I9R9C MINGW64 /d/git_learning/project (master)
$ git status
On branch master
Untracked files:
  (use "git add <file>..." to include in what will be committed)
        services.html

nothing added to commit but untracked files present (use "git add" to track)

Sanjeet@DESKTOP-R0I9R9C MINGW64 /d/git_learning/project (master)
$ git add -A

Sanjeet@DESKTOP-R0I9R9C MINGW64 /d/git_learning/project (master)
$ git status
On branch master
Changes to be committed:
  (use "git restore --staged <file>..." to unstage)
        new file:   services.html


Sanjeet@DESKTOP-R0I9R9C MINGW64 /d/git_learning/project (master)
$ git rm --cached services.html
rm 'services.html'

Sanjeet@DESKTOP-R0I9R9C MINGW64 /d/git_learning/project (master)
$ git status
On branch master
Untracked files:
  (use "git add <file>..." to include in what will be committed)
        services.html

nothing added to commit but untracked files present (use "git add" to track)

Sanjeet@DESKTOP-R0I9R9C MINGW64 /d/git_learning/project (master)
$ git add -A

Sanjeet@DESKTOP-R0I9R9C MINGW64 /d/git_learning/project (master)
$ git status
On branch master
Changes to be committed:
  (use "git restore --staged <file>..." to unstage)
        new file:   services.html


Sanjeet@DESKTOP-R0I9R9C MINGW64 /d/git_learning/project (master)
$ git rm services.html
error: the following file has changes staged in the index:
    services.html
(use --cached to keep the file, or -f to force removal)

Sanjeet@DESKTOP-R0I9R9C MINGW64 /d/git_learning/project (master)
$ git status
On branch master
Changes to be committed:
  (use "git restore --staged <file>..." to unstage)
        new file:   services.html


Sanjeet@DESKTOP-R0I9R9C MINGW64 /d/git_learning/project (master)
$ git -f rm services.html
unknown option: -f
usage: git [--version] [--help] [-C <path>] [-c <name>=<value>]
           [--exec-path[=<path>]] [--html-path] [--man-path] [--info-path]
           [-p | --paginate | -P | --no-pager] [--no-replace-objects] [--bare]
           [--git-dir=<path>] [--work-tree=<path>] [--namespace=<name>]
           [--super-prefix=<path>] [--config-env=<name>=<envvar>]
           <command> [<args>]

Sanjeet@DESKTOP-R0I9R9C MINGW64 /d/git_learning/project (master)
$ git rm -f services.html
rm 'services.html'

Sanjeet@DESKTOP-R0I9R9C MINGW64 /d/git_learning/project (master)
$ git branch --list
* master

Sanjeet@DESKTOP-R0I9R9C MINGW64 /d/git_learning/project (master)
$ git branch login

Sanjeet@DESKTOP-R0I9R9C MINGW64 /d/git_learning/project (master)
$ git branch
  login
* master

Sanjeet@DESKTOP-R0I9R9C MINGW64 /d/git_learning/project (master)
$ git checkout login
Switched to branch 'login'

Sanjeet@DESKTOP-R0I9R9C MINGW64 /d/git_learning/project (login)
$ git status
On branch login
Untracked files:
  (use "git add <file>..." to include in what will be committed)
        login.html

nothing added to commit but untracked files present (use "git add" to track)

Sanjeet@DESKTOP-R0I9R9C MINGW64 /d/git_learning/project (login)
$ git add login.html

Sanjeet@DESKTOP-R0I9R9C MINGW64 /d/git_learning/project (login)
$ git status
On branch login
Changes to be committed:
  (use "git restore --staged <file>..." to unstage)
        new file:   login.html


Sanjeet@DESKTOP-R0I9R9C MINGW64 /d/git_learning/project (login)
$ git commit -m "login page added"
[login 435b3e8] login page added
 1 file changed, 14 insertions(+)
 create mode 100644 login.html

Sanjeet@DESKTOP-R0I9R9C MINGW64 /d/git_learning/project (login)
$ git status
On branch login
nothing to commit, working tree clean

Sanjeet@DESKTOP-R0I9R9C MINGW64 /d/git_learning/project (login)
$ git branch
* login
  master

Sanjeet@DESKTOP-R0I9R9C MINGW64 /d/git_learning/project (login)
$ git checkout master
Switched to branch 'master'

Sanjeet@DESKTOP-R0I9R9C MINGW64 /d/git_learning/project (master)
$ git checkout login
Switched to branch 'login'

Sanjeet@DESKTOP-R0I9R9C MINGW64 /d/git_learning/project (login)
$ git branch login2

Sanjeet@DESKTOP-R0I9R9C MINGW64 /d/git_learning/project (login)
$ git checkout login2
Switched to branch 'login2'

Sanjeet@DESKTOP-R0I9R9C MINGW64 /d/git_learning/project (login2)
$ git status
On branch login2
Untracked files:
  (use "git add <file>..." to include in what will be committed)
        register.html

nothing added to commit but untracked files present (use "git add" to track)

Sanjeet@DESKTOP-R0I9R9C MINGW64 /d/git_learning/project (login2)
$ branch checkout master
bash: branch: command not found

Sanjeet@DESKTOP-R0I9R9C MINGW64 /d/git_learning/project (login2)
$ branch checkout master
bash: branch: command not found

Sanjeet@DESKTOP-R0I9R9C MINGW64 /d/git_learning/project (login2)
$ git checkout master
Switched to branch 'master'

Sanjeet@DESKTOP-R0I9R9C MINGW64 /d/git_learning/project (master)
$ git branch -d login2
error: The branch 'login2' is not fully merged.
If you are sure you want to delete it, run 'git branch -D login2'.

Sanjeet@DESKTOP-R0I9R9C MINGW64 /d/git_learning/project (master)
$ git branch -D login2
Deleted branch login2 (was 435b3e8).

Sanjeet@DESKTOP-R0I9R9C MINGW64 /d/git_learning/project (master)
$ git status
On branch master
Untracked files:
  (use "git add <file>..." to include in what will be committed)
        register.html

nothing added to commit but untracked files present (use "git add" to track)

Sanjeet@DESKTOP-R0I9R9C MINGW64 /d/git_learning/project (master)
$ git rm register.html
fatal: pathspec 'register.html' did not match any files

Sanjeet@DESKTOP-R0I9R9C MINGW64 /d/git_learning/project (master)
$ rm register.html

Sanjeet@DESKTOP-R0I9R9C MINGW64 /d/git_learning/project (master)
$ git status
On branch master
nothing to commit, working tree clean

Sanjeet@DESKTOP-R0I9R9C MINGW64 /d/git_learning/project (master)
$ git checkout login
Switched to branch 'login'

Sanjeet@DESKTOP-R0I9R9C MINGW64 /d/git_learning/project (login)
$ git checkout master
Switched to branch 'master'

Sanjeet@DESKTOP-R0I9R9C MINGW64 /d/git_learning/project (master)
$ git merge login
Updating ad0bf1e..435b3e8
Fast-forward
 login.html | 14 ++++++++++++++
 1 file changed, 14 insertions(+)
 create mode 100644 login.html

Sanjeet@DESKTOP-R0I9R9C MINGW64 /d/git_learning/project (master)
$ git checkout login
Switched to branch 'login'

Sanjeet@DESKTOP-R0I9R9C MINGW64 /d/git_learning/project (login)
$ git branch --list
* login
  master

Sanjeet@DESKTOP-R0I9R9C MINGW64 /d/git_learning/project (login)
$ git checkout master
Switched to branch 'master'

Sanjeet@DESKTOP-R0I9R9C MINGW64 /d/git_learning/project (master)
$ git rm login.html
rm 'login.html'

Sanjeet@DESKTOP-R0I9R9C MINGW64 /d/git_learning/project (master)
$ git  checkout -b register
Switched to a new branch 'register'

Sanjeet@DESKTOP-R0I9R9C MINGW64 /d/git_learning/project (register)
$ git branch --list
  login
  master
* register

Sanjeet@DESKTOP-R0I9R9C MINGW64 /d/git_learning/project (register)
$ git branch rm login

Sanjeet@DESKTOP-R0I9R9C MINGW64 /d/git_learning/project (register)
$ git branch --list
  login
  master
* register
  rm

Sanjeet@DESKTOP-R0I9R9C MINGW64 /d/git_learning/project (register)
$ git rm branch login
fatal: pathspec 'branch' did not match any files

Sanjeet@DESKTOP-R0I9R9C MINGW64 /d/git_learning/project (register)
$ git status
On branch register
Changes to be committed:
  (use "git restore --staged <file>..." to unstage)
        deleted:    login.html

Untracked files:
  (use "git add <file>..." to include in what will be committed)
        register.html


Sanjeet@DESKTOP-R0I9R9C MINGW64 /d/git_learning/project (register)
$ git commit -A
error: unknown switch `A'
usage: git commit [<options>] [--] <pathspec>...

    -q, --quiet           suppress summary after successful commit
    -v, --verbose         show diff in commit message template

Commit message options
    -F, --file <file>     read message from file
    --author <author>     override author for commit
    --date <date>         override date for commit
    -m, --message <message>
                          commit message
    -c, --reedit-message <commit>
                          reuse and edit message from specified commit
    -C, --reuse-message <commit>
                          reuse message from specified commit
    --fixup [(amend|reword):]commit
                          use autosquash formatted message to fixup or amend/reword specified commit
    --squash <commit>     use autosquash formatted message to squash specified commit
    --reset-author        the commit is authored by me now (used with -C/-c/--amend)
    --trailer <trailer>   add custom trailer(s)
    -s, --signoff         add a Signed-off-by trailer
    -t, --template <file>
                          use specified template file
    -e, --edit            force edit of commit
    --cleanup <mode>      how to strip spaces and #comments from message
    --status              include status in commit message template
    -S, --gpg-sign[=<key-id>]
                          GPG sign commit

Commit contents options
    -a, --all             commit all changed files
    -i, --include         add specified files to index for commit
    --interactive         interactively add files
    -p, --patch           interactively add changes
    -o, --only            commit only specified files
    -n, --no-verify       bypass pre-commit and commit-msg hooks
    --dry-run             show what would be committed
    --short               show status concisely
    --branch              show branch information
    --ahead-behind        compute full ahead/behind values
    --porcelain           machine-readable output
    --long                show status in long format (default)
    -z, --null            terminate entries with NUL
    --amend               amend previous commit
    --no-post-rewrite     bypass post-rewrite hook
    -u, --untracked-files[=<mode>]
                          show untracked files, optional modes: all, normal, no. (Default: all)
    --pathspec-from-file <file>
                          read pathspec from file
    --pathspec-file-nul   with --pathspec-from-file, pathspec elements are separated with NUL character


Sanjeet@DESKTOP-R0I9R9C MINGW64 /d/git_learning/project (register)
$ git add -A

Sanjeet@DESKTOP-R0I9R9C MINGW64 /d/git_learning/project (register)
$ git commit -m "added registretion page"
[register f163978] added registretion page
 1 file changed, 2 insertions(+), 4 deletions(-)
 rename login.html => register.html (62%)

Sanjeet@DESKTOP-R0I9R9C MINGW64 /d/git_learning/project (register)
$ git checkout master
Switched to branch 'master'

Sanjeet@DESKTOP-R0I9R9C MINGW64 /d/git_learning/project (master)
$ git merge register
Updating 435b3e8..f163978
Fast-forward
 login.html => register.html | 6 ++----
 1 file changed, 2 insertions(+), 4 deletions(-)
 rename login.html => register.html (62%)

Sanjeet@DESKTOP-R0I9R9C MINGW64 /d/git_learning/project (master)
$ git rm branch register
fatal: pathspec 'branch' did not match any files

Sanjeet@DESKTOP-R0I9R9C MINGW64 /d/git_learning/project (master)
$ git branch rm register
fatal: A branch named 'rm' already exists.

Sanjeet@DESKTOP-R0I9R9C MINGW64 /d/git_learning/project (master)
$
